nohup: ignoring input
2025-10-12 00:27:03.958429: I tensorflow/core/util/port.cc:153] oneDNN custom operations are on. You may see slightly different numerical results due to floating-point round-off errors from different computation orders. To turn them off, set the environment variable `TF_ENABLE_ONEDNN_OPTS=0`.
2025-10-12 00:27:04.025628: I tensorflow/core/platform/cpu_feature_guard.cc:210] This TensorFlow binary is optimized to use available CPU instructions in performance-critical operations.
To enable the following instructions: AVX2 AVX_VNNI FMA, in other operations, rebuild TensorFlow with the appropriate compiler flags.
2025-10-12 00:27:05.613722: I tensorflow/core/util/port.cc:153] oneDNN custom operations are on. You may see slightly different numerical results due to floating-point round-off errors from different computation orders. To turn them off, set the environment variable `TF_ENABLE_ONEDNN_OPTS=0`.
Using a slow image processor as `use_fast` is unset and a slow processor was saved with this model. `use_fast=True` will be the default behavior in v4.52, even if the model was saved with a slow processor. This will result in minor differences in outputs. You'll still be able to use a slow processor with `use_fast=False`.
Device set to use cuda:0
Device set to use cuda:0
WARNING: All log messages before absl::InitializeLog() is called are written to STDERR
E0000 00:00:1760229146.521405    9558 alts_credentials.cc:93] ALTS creds ignored. Not running on GCP and untrusted ALTS is not enabled.
============================================================
INITIALIZING FRAUD DETECTION SYSTEM
============================================================
Loading AI detection models...
  Loading Model 1 (Organika/sdxl-detector)...
  Model 1 loaded successfully!
  Loading Model 2 (umm-maybe/AI-image-detector)...
  Model 2 loaded successfully!
AI detection models initialized!

Loading tampering detection models...
  Loading ELA model from Image-Tampering-Detection-using-ELA-and-Metadata-Analysis/ELA_Training/model_ela.h5...
  Error loading ELA model: No file or directory found at Image-Tampering-Detection-using-ELA-and-Metadata-Analysis/ELA_Training/model_ela.h5
  Loading Weather model from Image-Tampering-Detection-using-ELA-and-Metadata-Analysis/WeatherCNNTraining/Weather_Model.h5...
  Error loading Weather model: No file or directory found at Image-Tampering-Detection-using-ELA-and-Metadata-Analysis/WeatherCNNTraining/Weather_Model.h5
Tampering detection models initialized!

Description matching model initialized!

Duplication detector initialized!
  Hash threshold: 5
  CLIP threshold: 0.85
  Device: cuda

Initializing car parts detector...
Car parts detector initialized!
Device: cuda
Confidence threshold: 0.5
Number of car parts classes: 21

Initializing damage detector...
Combined detector initialized successfully!

============================================================
SYSTEM INITIALIZED SUCCESSFULLY
============================================================


======================================================================
Starting Automotive Fraud Detection System...
======================================================================

The web interface will open in your browser.
You can also access it at: http://localhost:7860

Press Ctrl+C to stop the server.
======================================================================

* Running on local URL:  http://0.0.0.0:7860
* To create a public link, set `share=True` in `launch()`.
  Loading CLIP model for semantic comparison...
  CLIP model loaded!
Analyzing 21 parts against 4 damage detections...

Checking part: Headlight
  Checking against damage 1: Broken part
  Damage bbox: [277.9452209472656, 160.2622528076172, 548.9639892578125, 248.75460815429688]
  Part bbox: [333.4358215332031, 213.6105499267578, 445.577880859375, 278.6772155761719]
  Intersection area: 3941.1
  Part area: 7296.7
  Overlap ratio: 0.540
    ✓ DAMAGE FOUND: Broken part (54.0% overlap)
  Checking against damage 2: Broken part
  Damage bbox: [305.2075500488281, 234.95138549804688, 597.0938110351562, 381.8048095703125]
  Part bbox: [333.4358215332031, 213.6105499267578, 445.577880859375, 278.6772155761719]
  Intersection area: 4903.5
  Part area: 7296.7
  Overlap ratio: 0.672
    ✓ DAMAGE FOUND: Broken part (67.2% overlap)
  Checking against damage 3: Missing part
    ✗ No significant overlap (0.0%)
  Checking against damage 4: Dent
    ✗ No significant overlap (0.0%)

Checking part: Mirror
  Checking against damage 1: Broken part
    ✗ No significant overlap (0.0%)
  Checking against damage 2: Broken part
    ✗ No significant overlap (0.0%)
  Checking against damage 3: Missing part
    ✗ No significant overlap (0.0%)
  Checking against damage 4: Dent
    ✗ No significant overlap (0.0%)

Checking part: Grille
  Checking against damage 1: Broken part
  Damage bbox: [277.9452209472656, 160.2622528076172, 548.9639892578125, 248.75460815429688]
  Part bbox: [458.8139953613281, 213.0076141357422, 600.6599731445312, 286.55279541015625]
  Intersection area: 3222.6
  Part area: 10432.1
  Overlap ratio: 0.309
    ✓ DAMAGE FOUND: Broken part (30.9% overlap)
  Checking against damage 2: Broken part
  Damage bbox: [305.2075500488281, 234.95138549804688, 597.0938110351562, 381.8048095703125]
  Part bbox: [458.8139953613281, 213.0076141357422, 600.6599731445312, 286.55279541015625]
  Intersection area: 7135.4
  Part area: 10432.1
  Overlap ratio: 0.684
    ✓ DAMAGE FOUND: Broken part (68.4% overlap)
  Checking against damage 3: Missing part
    ✗ No significant overlap (0.0%)
  Checking against damage 4: Dent
  Damage bbox: [516.4263305664062, 187.07286071777344, 569.2555541992188, 214.69451904296875]
  Part bbox: [458.8139953613281, 213.0076141357422, 600.6599731445312, 286.55279541015625]
  Intersection area: 89.1
  Part area: 10432.1
  Overlap ratio: 0.009
    ✗ No significant overlap (0.9%)

Checking part: Front-bumper
  Checking against damage 1: Broken part
  Damage bbox: [277.9452209472656, 160.2622528076172, 548.9639892578125, 248.75460815429688]
  Part bbox: [308.6131591796875, 211.41659545898438, 613.8069458007812, 368.6499328613281]
  Intersection area: 8974.2
  Part area: 47986.6
  Overlap ratio: 0.187
    ✓ DAMAGE FOUND: Broken part (18.7% overlap)
  Checking against damage 2: Broken part
  Damage bbox: [305.2075500488281, 234.95138549804688, 597.0938110351562, 381.8048095703125]
  Part bbox: [308.6131591796875, 211.41659545898438, 613.8069458007812, 368.6499328613281]
  Intersection area: 38569.4
  Part area: 47986.6
  Overlap ratio: 0.804
    ✓ DAMAGE FOUND: Broken part (80.4% overlap)
  Checking against damage 3: Missing part
  Damage bbox: [543.3302001953125, 291.8728942871094, 589.5342407226562, 335.99481201171875]
  Part bbox: [308.6131591796875, 211.41659545898438, 613.8069458007812, 368.6499328613281]
  Intersection area: 2038.6
  Part area: 47986.6
  Overlap ratio: 0.042
    ✓ DAMAGE FOUND: Missing part (4.2% overlap)
  Checking against damage 4: Dent
  Damage bbox: [516.4263305664062, 187.07286071777344, 569.2555541992188, 214.69451904296875]
  Part bbox: [308.6131591796875, 211.41659545898438, 613.8069458007812, 368.6499328613281]
  Intersection area: 173.2
  Part area: 47986.6
  Overlap ratio: 0.004
    ✗ No significant overlap (0.4%)

Checking part: Hood
  Checking against damage 1: Broken part
  Damage bbox: [277.9452209472656, 160.2622528076172, 548.9639892578125, 248.75460815429688]
  Part bbox: [280.2022399902344, 130.35304260253906, 605.9306030273438, 237.55828857421875]
  Intersection area: 20774.2
  Part area: 34919.8
  Overlap ratio: 0.595
    ✓ DAMAGE FOUND: Broken part (59.5% overlap)
  Checking against damage 2: Broken part
  Damage bbox: [305.2075500488281, 234.95138549804688, 597.0938110351562, 381.8048095703125]
  Part bbox: [280.2022399902344, 130.35304260253906, 605.9306030273438, 237.55828857421875]
  Intersection area: 760.9
  Part area: 34919.8
  Overlap ratio: 0.022
    ✓ DAMAGE FOUND: Broken part (2.2% overlap)
  Checking against damage 3: Missing part
    ✗ No significant overlap (0.0%)
  Checking against damage 4: Dent
  Damage bbox: [516.4263305664062, 187.07286071777344, 569.2555541992188, 214.69451904296875]
  Part bbox: [280.2022399902344, 130.35304260253906, 605.9306030273438, 237.55828857421875]
  Intersection area: 1459.2
  Part area: 34919.8
  Overlap ratio: 0.042
    ✓ DAMAGE FOUND: Dent (4.2% overlap)

Checking part: Rocker-panel
  Checking against damage 1: Broken part
    ✗ No significant overlap (0.0%)
  Checking against damage 2: Broken part
    ✗ No significant overlap (0.0%)
  Checking against damage 3: Missing part
    ✗ No significant overlap (0.0%)
  Checking against damage 4: Dent
    ✗ No significant overlap (0.0%)

Checking part: Back-door
  Checking against damage 1: Broken part
    ✗ No significant overlap (0.0%)
  Checking against damage 2: Broken part
    ✗ No significant overlap (0.0%)
  Checking against damage 3: Missing part
    ✗ No significant overlap (0.0%)
  Checking against damage 4: Dent
    ✗ No significant overlap (0.0%)

Checking part: Fender
  Checking against damage 1: Broken part
  Damage bbox: [277.9452209472656, 160.2622528076172, 548.9639892578125, 248.75460815429688]
  Part bbox: [226.84146118164062, 154.26182556152344, 363.31182861328125, 288.4884338378906]
  Intersection area: 7554.3
  Part area: 18318.0
  Overlap ratio: 0.412
    ✓ DAMAGE FOUND: Broken part (41.2% overlap)
  Checking against damage 2: Broken part
  Damage bbox: [305.2075500488281, 234.95138549804688, 597.0938110351562, 381.8048095703125]
  Part bbox: [226.84146118164062, 154.26182556152344, 363.31182861328125, 288.4884338378906]
  Intersection area: 3110.7
  Part area: 18318.0
  Overlap ratio: 0.170
    ✓ DAMAGE FOUND: Broken part (17.0% overlap)
  Checking against damage 3: Missing part
    ✗ No significant overlap (0.0%)
  Checking against damage 4: Dent
    ✗ No significant overlap (0.0%)

Checking part: Windshield
  Checking against damage 1: Broken part
    ✗ No significant overlap (0.0%)
  Checking against damage 2: Broken part
    ✗ No significant overlap (0.0%)
  Checking against damage 3: Missing part
    ✗ No significant overlap (0.0%)
  Checking against damage 4: Dent
    ✗ No significant overlap (0.0%)

Checking part: Front-wheel
  Checking against damage 1: Broken part
  Damage bbox: [277.9452209472656, 160.2622528076172, 548.9639892578125, 248.75460815429688]
  Part bbox: [239.9768829345703, 246.42532348632812, 327.1253356933594, 379.7440490722656]
  Intersection area: 114.6
  Part area: 11618.5
  Overlap ratio: 0.010
    ✗ No significant overlap (1.0%)
  Checking against damage 2: Broken part
  Damage bbox: [305.2075500488281, 234.95138549804688, 597.0938110351562, 381.8048095703125]
  Part bbox: [239.9768829345703, 246.42532348632812, 327.1253356933594, 379.7440490722656]
  Intersection area: 2922.1
  Part area: 11618.5
  Overlap ratio: 0.251
    ✓ DAMAGE FOUND: Broken part (25.1% overlap)
  Checking against damage 3: Missing part
    ✗ No significant overlap (0.0%)
  Checking against damage 4: Dent
    ✗ No significant overlap (0.0%)

Checking part: Front-window
  Checking against damage 1: Broken part
    ✗ No significant overlap (0.0%)
  Checking against damage 2: Broken part
    ✗ No significant overlap (0.0%)
  Checking against damage 3: Missing part
    ✗ No significant overlap (0.0%)
  Checking against damage 4: Dent
    ✗ No significant overlap (0.0%)

Checking part: Roof
  Checking against damage 1: Broken part
    ✗ No significant overlap (0.0%)
  Checking against damage 2: Broken part
    ✗ No significant overlap (0.0%)
  Checking against damage 3: Missing part
    ✗ No significant overlap (0.0%)
  Checking against damage 4: Dent
    ✗ No significant overlap (0.0%)

Checking part: Front-door
  Checking against damage 1: Broken part
    ✗ No significant overlap (0.0%)
  Checking against damage 2: Broken part
    ✗ No significant overlap (0.0%)
  Checking against damage 3: Missing part
    ✗ No significant overlap (0.0%)
  Checking against damage 4: Dent
    ✗ No significant overlap (0.0%)

Checking part: License-plate
  Checking against damage 1: Broken part
    ✗ No significant overlap (0.0%)
  Checking against damage 2: Broken part
  Damage bbox: [305.2075500488281, 234.95138549804688, 597.0938110351562, 381.8048095703125]
  Part bbox: [541.45849609375, 295.2086181640625, 590.9425048828125, 329.8935241699219]
  Intersection area: 1716.3
  Part area: 1716.3
  Overlap ratio: 1.000
    ✓ DAMAGE FOUND: Broken part (100.0% overlap)
  Checking against damage 3: Missing part
  Damage bbox: [543.3302001953125, 291.8728942871094, 589.5342407226562, 335.99481201171875]
  Part bbox: [541.45849609375, 295.2086181640625, 590.9425048828125, 329.8935241699219]
  Intersection area: 1602.6
  Part area: 1716.3
  Overlap ratio: 0.934
    ✓ DAMAGE FOUND: Missing part (93.4% overlap)
  Checking against damage 4: Dent
    ✗ No significant overlap (0.0%)

Checking part: Back-window
  Checking against damage 1: Broken part
    ✗ No significant overlap (0.0%)
  Checking against damage 2: Broken part
    ✗ No significant overlap (0.0%)
  Checking against damage 3: Missing part
    ✗ No significant overlap (0.0%)
  Checking against damage 4: Dent
    ✗ No significant overlap (0.0%)

Checking part: Back-wheel
  Checking against damage 1: Broken part
    ✗ No significant overlap (0.0%)
  Checking against damage 2: Broken part
    ✗ No significant overlap (0.0%)
  Checking against damage 3: Missing part
    ✗ No significant overlap (0.0%)
  Checking against damage 4: Dent
    ✗ No significant overlap (0.0%)

Checking part: Back-door
  Checking against damage 1: Broken part
    ✗ No significant overlap (0.0%)
  Checking against damage 2: Broken part
    ✗ No significant overlap (0.0%)
  Checking against damage 3: Missing part
    ✗ No significant overlap (0.0%)
  Checking against damage 4: Dent
    ✗ No significant overlap (0.0%)

Checking part: Back-window
  Checking against damage 1: Broken part
    ✗ No significant overlap (0.0%)
  Checking against damage 2: Broken part
    ✗ No significant overlap (0.0%)
  Checking against damage 3: Missing part
    ✗ No significant overlap (0.0%)
  Checking against damage 4: Dent
    ✗ No significant overlap (0.0%)

Checking part: Front-wheel
  Checking against damage 1: Broken part
    ✗ No significant overlap (0.0%)
  Checking against damage 2: Broken part
    ✗ No significant overlap (0.0%)
  Checking against damage 3: Missing part
    ✗ No significant overlap (0.0%)
  Checking against damage 4: Dent
    ✗ No significant overlap (0.0%)

Checking part: Front-window
  Checking against damage 1: Broken part
    ✗ No significant overlap (0.0%)
  Checking against damage 2: Broken part
    ✗ No significant overlap (0.0%)
  Checking against damage 3: Missing part
    ✗ No significant overlap (0.0%)
  Checking against damage 4: Dent
    ✗ No significant overlap (0.0%)

Checking part: Back-wheel
  Checking against damage 1: Broken part
    ✗ No significant overlap (0.0%)
  Checking against damage 2: Broken part
  Damage bbox: [305.2075500488281, 234.95138549804688, 597.0938110351562, 381.8048095703125]
  Part bbox: [241.14927673339844, 251.05047607421875, 332.4781188964844, 381.576416015625]
  Intersection area: 3559.5
  Part area: 11920.8
  Overlap ratio: 0.299
    ✓ DAMAGE FOUND: Broken part (29.9% overlap)
  Checking against damage 3: Missing part
    ✗ No significant overlap (0.0%)
  Checking against damage 4: Dent
    ✗ No significant overlap (0.0%)
Visualization saved to: fraud_detection_data/John_Doe_20251012_003312/images/image_1_damage_analysis.jpg
Analyzing 21 parts against 4 damage detections...

Checking part: Headlight
  Checking against damage 1: Broken part
  Damage bbox: [277.9452209472656, 160.2622528076172, 548.9639892578125, 248.75460815429688]
  Part bbox: [333.4358215332031, 213.6105499267578, 445.577880859375, 278.6772155761719]
  Intersection area: 3941.1
  Part area: 7296.7
  Overlap ratio: 0.540
    ✓ DAMAGE FOUND: Broken part (54.0% overlap)
  Checking against damage 2: Broken part
  Damage bbox: [305.2075500488281, 234.95138549804688, 597.0938110351562, 381.8048095703125]
  Part bbox: [333.4358215332031, 213.6105499267578, 445.577880859375, 278.6772155761719]
  Intersection area: 4903.5
  Part area: 7296.7
  Overlap ratio: 0.672
    ✓ DAMAGE FOUND: Broken part (67.2% overlap)
  Checking against damage 3: Missing part
    ✗ No significant overlap (0.0%)
  Checking against damage 4: Dent
    ✗ No significant overlap (0.0%)

Checking part: Mirror
  Checking against damage 1: Broken part
    ✗ No significant overlap (0.0%)
  Checking against damage 2: Broken part
    ✗ No significant overlap (0.0%)
  Checking against damage 3: Missing part
    ✗ No significant overlap (0.0%)
  Checking against damage 4: Dent
    ✗ No significant overlap (0.0%)

Checking part: Grille
  Checking against damage 1: Broken part
  Damage bbox: [277.9452209472656, 160.2622528076172, 548.9639892578125, 248.75460815429688]
  Part bbox: [458.8139953613281, 213.0076141357422, 600.6599731445312, 286.55279541015625]
  Intersection area: 3222.6
  Part area: 10432.1
  Overlap ratio: 0.309
    ✓ DAMAGE FOUND: Broken part (30.9% overlap)
  Checking against damage 2: Broken part
  Damage bbox: [305.2075500488281, 234.95138549804688, 597.0938110351562, 381.8048095703125]
  Part bbox: [458.8139953613281, 213.0076141357422, 600.6599731445312, 286.55279541015625]
  Intersection area: 7135.4
  Part area: 10432.1
  Overlap ratio: 0.684
    ✓ DAMAGE FOUND: Broken part (68.4% overlap)
  Checking against damage 3: Missing part
    ✗ No significant overlap (0.0%)
  Checking against damage 4: Dent
  Damage bbox: [516.4263305664062, 187.07286071777344, 569.2555541992188, 214.69451904296875]
  Part bbox: [458.8139953613281, 213.0076141357422, 600.6599731445312, 286.55279541015625]
  Intersection area: 89.1
  Part area: 10432.1
  Overlap ratio: 0.009
    ✗ No significant overlap (0.9%)

Checking part: Front-bumper
  Checking against damage 1: Broken part
  Damage bbox: [277.9452209472656, 160.2622528076172, 548.9639892578125, 248.75460815429688]
  Part bbox: [308.6131591796875, 211.41659545898438, 613.8069458007812, 368.6499328613281]
  Intersection area: 8974.2
  Part area: 47986.6
  Overlap ratio: 0.187
    ✓ DAMAGE FOUND: Broken part (18.7% overlap)
  Checking against damage 2: Broken part
  Damage bbox: [305.2075500488281, 234.95138549804688, 597.0938110351562, 381.8048095703125]
  Part bbox: [308.6131591796875, 211.41659545898438, 613.8069458007812, 368.6499328613281]
  Intersection area: 38569.4
  Part area: 47986.6
  Overlap ratio: 0.804
    ✓ DAMAGE FOUND: Broken part (80.4% overlap)
  Checking against damage 3: Missing part
  Damage bbox: [543.3302001953125, 291.8728942871094, 589.5342407226562, 335.99481201171875]
  Part bbox: [308.6131591796875, 211.41659545898438, 613.8069458007812, 368.6499328613281]
  Intersection area: 2038.6
  Part area: 47986.6
  Overlap ratio: 0.042
    ✓ DAMAGE FOUND: Missing part (4.2% overlap)
  Checking against damage 4: Dent
  Damage bbox: [516.4263305664062, 187.07286071777344, 569.2555541992188, 214.69451904296875]
  Part bbox: [308.6131591796875, 211.41659545898438, 613.8069458007812, 368.6499328613281]
  Intersection area: 173.2
  Part area: 47986.6
  Overlap ratio: 0.004
    ✗ No significant overlap (0.4%)

Checking part: Hood
  Checking against damage 1: Broken part
  Damage bbox: [277.9452209472656, 160.2622528076172, 548.9639892578125, 248.75460815429688]
  Part bbox: [280.2022399902344, 130.35304260253906, 605.9306030273438, 237.55828857421875]
  Intersection area: 20774.2
  Part area: 34919.8
  Overlap ratio: 0.595
    ✓ DAMAGE FOUND: Broken part (59.5% overlap)
  Checking against damage 2: Broken part
  Damage bbox: [305.2075500488281, 234.95138549804688, 597.0938110351562, 381.8048095703125]
  Part bbox: [280.2022399902344, 130.35304260253906, 605.9306030273438, 237.55828857421875]
  Intersection area: 760.9
  Part area: 34919.8
  Overlap ratio: 0.022
    ✓ DAMAGE FOUND: Broken part (2.2% overlap)
  Checking against damage 3: Missing part
    ✗ No significant overlap (0.0%)
  Checking against damage 4: Dent
  Damage bbox: [516.4263305664062, 187.07286071777344, 569.2555541992188, 214.69451904296875]
  Part bbox: [280.2022399902344, 130.35304260253906, 605.9306030273438, 237.55828857421875]
  Intersection area: 1459.2
  Part area: 34919.8
  Overlap ratio: 0.042
    ✓ DAMAGE FOUND: Dent (4.2% overlap)

Checking part: Rocker-panel
  Checking against damage 1: Broken part
    ✗ No significant overlap (0.0%)
  Checking against damage 2: Broken part
    ✗ No significant overlap (0.0%)
  Checking against damage 3: Missing part
    ✗ No significant overlap (0.0%)
  Checking against damage 4: Dent
    ✗ No significant overlap (0.0%)

Checking part: Back-door
  Checking against damage 1: Broken part
    ✗ No significant overlap (0.0%)
  Checking against damage 2: Broken part
    ✗ No significant overlap (0.0%)
  Checking against damage 3: Missing part
    ✗ No significant overlap (0.0%)
  Checking against damage 4: Dent
    ✗ No significant overlap (0.0%)

Checking part: Fender
  Checking against damage 1: Broken part
  Damage bbox: [277.9452209472656, 160.2622528076172, 548.9639892578125, 248.75460815429688]
  Part bbox: [226.84146118164062, 154.26182556152344, 363.31182861328125, 288.4884338378906]
  Intersection area: 7554.3
  Part area: 18318.0
  Overlap ratio: 0.412
    ✓ DAMAGE FOUND: Broken part (41.2% overlap)
  Checking against damage 2: Broken part
  Damage bbox: [305.2075500488281, 234.95138549804688, 597.0938110351562, 381.8048095703125]
  Part bbox: [226.84146118164062, 154.26182556152344, 363.31182861328125, 288.4884338378906]
  Intersection area: 3110.7
  Part area: 18318.0
  Overlap ratio: 0.170
    ✓ DAMAGE FOUND: Broken part (17.0% overlap)
  Checking against damage 3: Missing part
    ✗ No significant overlap (0.0%)
  Checking against damage 4: Dent
    ✗ No significant overlap (0.0%)

Checking part: Windshield
  Checking against damage 1: Broken part
    ✗ No significant overlap (0.0%)
  Checking against damage 2: Broken part
    ✗ No significant overlap (0.0%)
  Checking against damage 3: Missing part
    ✗ No significant overlap (0.0%)
  Checking against damage 4: Dent
    ✗ No significant overlap (0.0%)

Checking part: Front-wheel
  Checking against damage 1: Broken part
  Damage bbox: [277.9452209472656, 160.2622528076172, 548.9639892578125, 248.75460815429688]
  Part bbox: [239.9768829345703, 246.42532348632812, 327.1253356933594, 379.7440490722656]
  Intersection area: 114.6
  Part area: 11618.5
  Overlap ratio: 0.010
    ✗ No significant overlap (1.0%)
  Checking against damage 2: Broken part
  Damage bbox: [305.2075500488281, 234.95138549804688, 597.0938110351562, 381.8048095703125]
  Part bbox: [239.9768829345703, 246.42532348632812, 327.1253356933594, 379.7440490722656]
  Intersection area: 2922.1
  Part area: 11618.5
  Overlap ratio: 0.251
    ✓ DAMAGE FOUND: Broken part (25.1% overlap)
  Checking against damage 3: Missing part
    ✗ No significant overlap (0.0%)
  Checking against damage 4: Dent
    ✗ No significant overlap (0.0%)

Checking part: Front-window
  Checking against damage 1: Broken part
    ✗ No significant overlap (0.0%)
  Checking against damage 2: Broken part
    ✗ No significant overlap (0.0%)
  Checking against damage 3: Missing part
    ✗ No significant overlap (0.0%)
  Checking against damage 4: Dent
    ✗ No significant overlap (0.0%)

Checking part: Roof
  Checking against damage 1: Broken part
    ✗ No significant overlap (0.0%)
  Checking against damage 2: Broken part
    ✗ No significant overlap (0.0%)
  Checking against damage 3: Missing part
    ✗ No significant overlap (0.0%)
  Checking against damage 4: Dent
    ✗ No significant overlap (0.0%)

Checking part: Front-door
  Checking against damage 1: Broken part
    ✗ No significant overlap (0.0%)
  Checking against damage 2: Broken part
    ✗ No significant overlap (0.0%)
  Checking against damage 3: Missing part
    ✗ No significant overlap (0.0%)
  Checking against damage 4: Dent
    ✗ No significant overlap (0.0%)

Checking part: License-plate
  Checking against damage 1: Broken part
    ✗ No significant overlap (0.0%)
  Checking against damage 2: Broken part
  Damage bbox: [305.2075500488281, 234.95138549804688, 597.0938110351562, 381.8048095703125]
  Part bbox: [541.45849609375, 295.2086181640625, 590.9425048828125, 329.8935241699219]
  Intersection area: 1716.3
  Part area: 1716.3
  Overlap ratio: 1.000
    ✓ DAMAGE FOUND: Broken part (100.0% overlap)
  Checking against damage 3: Missing part
  Damage bbox: [543.3302001953125, 291.8728942871094, 589.5342407226562, 335.99481201171875]
  Part bbox: [541.45849609375, 295.2086181640625, 590.9425048828125, 329.8935241699219]
  Intersection area: 1602.6
  Part area: 1716.3
  Overlap ratio: 0.934
    ✓ DAMAGE FOUND: Missing part (93.4% overlap)
  Checking against damage 4: Dent
    ✗ No significant overlap (0.0%)

Checking part: Back-window
  Checking against damage 1: Broken part
    ✗ No significant overlap (0.0%)
  Checking against damage 2: Broken part
    ✗ No significant overlap (0.0%)
  Checking against damage 3: Missing part
    ✗ No significant overlap (0.0%)
  Checking against damage 4: Dent
    ✗ No significant overlap (0.0%)

Checking part: Back-wheel
  Checking against damage 1: Broken part
    ✗ No significant overlap (0.0%)
  Checking against damage 2: Broken part
    ✗ No significant overlap (0.0%)
  Checking against damage 3: Missing part
    ✗ No significant overlap (0.0%)
  Checking against damage 4: Dent
    ✗ No significant overlap (0.0%)

Checking part: Back-door
  Checking against damage 1: Broken part
    ✗ No significant overlap (0.0%)
  Checking against damage 2: Broken part
    ✗ No significant overlap (0.0%)
  Checking against damage 3: Missing part
    ✗ No significant overlap (0.0%)
  Checking against damage 4: Dent
    ✗ No significant overlap (0.0%)

Checking part: Back-window
  Checking against damage 1: Broken part
    ✗ No significant overlap (0.0%)
  Checking against damage 2: Broken part
    ✗ No significant overlap (0.0%)
  Checking against damage 3: Missing part
    ✗ No significant overlap (0.0%)
  Checking against damage 4: Dent
    ✗ No significant overlap (0.0%)

Checking part: Front-wheel
  Checking against damage 1: Broken part
    ✗ No significant overlap (0.0%)
  Checking against damage 2: Broken part
    ✗ No significant overlap (0.0%)
  Checking against damage 3: Missing part
    ✗ No significant overlap (0.0%)
  Checking against damage 4: Dent
    ✗ No significant overlap (0.0%)

Checking part: Front-window
  Checking against damage 1: Broken part
    ✗ No significant overlap (0.0%)
  Checking against damage 2: Broken part
    ✗ No significant overlap (0.0%)
  Checking against damage 3: Missing part
    ✗ No significant overlap (0.0%)
  Checking against damage 4: Dent
    ✗ No significant overlap (0.0%)

Checking part: Back-wheel
  Checking against damage 1: Broken part
    ✗ No significant overlap (0.0%)
  Checking against damage 2: Broken part
  Damage bbox: [305.2075500488281, 234.95138549804688, 597.0938110351562, 381.8048095703125]
  Part bbox: [241.14927673339844, 251.05047607421875, 332.4781188964844, 381.576416015625]
  Intersection area: 3559.5
  Part area: 11920.8
  Overlap ratio: 0.299
    ✓ DAMAGE FOUND: Broken part (29.9% overlap)
  Checking against damage 3: Missing part
    ✗ No significant overlap (0.0%)
  Checking against damage 4: Dent
    ✗ No significant overlap (0.0%)
Visualization saved to: fraud_detection_data/John_Doe_20251012_003812/images/image_1_damage_analysis.jpg
Analyzing 21 parts against 4 damage detections...

Checking part: Headlight
  Checking against damage 1: Broken part
  Damage bbox: [277.9452209472656, 160.2622528076172, 548.9639892578125, 248.75460815429688]
  Part bbox: [333.4358215332031, 213.6105499267578, 445.577880859375, 278.6772155761719]
  Intersection area: 3941.1
  Part area: 7296.7
  Overlap ratio: 0.540
    ✓ DAMAGE FOUND: Broken part (54.0% overlap)
  Checking against damage 2: Broken part
  Damage bbox: [305.2075500488281, 234.95138549804688, 597.0938110351562, 381.8048095703125]
  Part bbox: [333.4358215332031, 213.6105499267578, 445.577880859375, 278.6772155761719]
  Intersection area: 4903.5
  Part area: 7296.7
  Overlap ratio: 0.672
    ✓ DAMAGE FOUND: Broken part (67.2% overlap)
  Checking against damage 3: Missing part
    ✗ No significant overlap (0.0%)
  Checking against damage 4: Dent
    ✗ No significant overlap (0.0%)

Checking part: Mirror
  Checking against damage 1: Broken part
    ✗ No significant overlap (0.0%)
  Checking against damage 2: Broken part
    ✗ No significant overlap (0.0%)
  Checking against damage 3: Missing part
    ✗ No significant overlap (0.0%)
  Checking against damage 4: Dent
    ✗ No significant overlap (0.0%)

Checking part: Grille
  Checking against damage 1: Broken part
  Damage bbox: [277.9452209472656, 160.2622528076172, 548.9639892578125, 248.75460815429688]
  Part bbox: [458.8139953613281, 213.0076141357422, 600.6599731445312, 286.55279541015625]
  Intersection area: 3222.6
  Part area: 10432.1
  Overlap ratio: 0.309
    ✓ DAMAGE FOUND: Broken part (30.9% overlap)
  Checking against damage 2: Broken part
  Damage bbox: [305.2075500488281, 234.95138549804688, 597.0938110351562, 381.8048095703125]
  Part bbox: [458.8139953613281, 213.0076141357422, 600.6599731445312, 286.55279541015625]
  Intersection area: 7135.4
  Part area: 10432.1
  Overlap ratio: 0.684
    ✓ DAMAGE FOUND: Broken part (68.4% overlap)
  Checking against damage 3: Missing part
    ✗ No significant overlap (0.0%)
  Checking against damage 4: Dent
  Damage bbox: [516.4263305664062, 187.07286071777344, 569.2555541992188, 214.69451904296875]
  Part bbox: [458.8139953613281, 213.0076141357422, 600.6599731445312, 286.55279541015625]
  Intersection area: 89.1
  Part area: 10432.1
  Overlap ratio: 0.009
    ✗ No significant overlap (0.9%)

Checking part: Front-bumper
  Checking against damage 1: Broken part
  Damage bbox: [277.9452209472656, 160.2622528076172, 548.9639892578125, 248.75460815429688]
  Part bbox: [308.6131591796875, 211.41659545898438, 613.8069458007812, 368.6499328613281]
  Intersection area: 8974.2
  Part area: 47986.6
  Overlap ratio: 0.187
    ✓ DAMAGE FOUND: Broken part (18.7% overlap)
  Checking against damage 2: Broken part
  Damage bbox: [305.2075500488281, 234.95138549804688, 597.0938110351562, 381.8048095703125]
  Part bbox: [308.6131591796875, 211.41659545898438, 613.8069458007812, 368.6499328613281]
  Intersection area: 38569.4
  Part area: 47986.6
  Overlap ratio: 0.804
    ✓ DAMAGE FOUND: Broken part (80.4% overlap)
  Checking against damage 3: Missing part
  Damage bbox: [543.3302001953125, 291.8728942871094, 589.5342407226562, 335.99481201171875]
  Part bbox: [308.6131591796875, 211.41659545898438, 613.8069458007812, 368.6499328613281]
  Intersection area: 2038.6
  Part area: 47986.6
  Overlap ratio: 0.042
    ✓ DAMAGE FOUND: Missing part (4.2% overlap)
  Checking against damage 4: Dent
  Damage bbox: [516.4263305664062, 187.07286071777344, 569.2555541992188, 214.69451904296875]
  Part bbox: [308.6131591796875, 211.41659545898438, 613.8069458007812, 368.6499328613281]
  Intersection area: 173.2
  Part area: 47986.6
  Overlap ratio: 0.004
    ✗ No significant overlap (0.4%)

Checking part: Hood
  Checking against damage 1: Broken part
  Damage bbox: [277.9452209472656, 160.2622528076172, 548.9639892578125, 248.75460815429688]
  Part bbox: [280.2022399902344, 130.35304260253906, 605.9306030273438, 237.55828857421875]
  Intersection area: 20774.2
  Part area: 34919.8
  Overlap ratio: 0.595
    ✓ DAMAGE FOUND: Broken part (59.5% overlap)
  Checking against damage 2: Broken part
  Damage bbox: [305.2075500488281, 234.95138549804688, 597.0938110351562, 381.8048095703125]
  Part bbox: [280.2022399902344, 130.35304260253906, 605.9306030273438, 237.55828857421875]
  Intersection area: 760.9
  Part area: 34919.8
  Overlap ratio: 0.022
    ✓ DAMAGE FOUND: Broken part (2.2% overlap)
  Checking against damage 3: Missing part
    ✗ No significant overlap (0.0%)
  Checking against damage 4: Dent
  Damage bbox: [516.4263305664062, 187.07286071777344, 569.2555541992188, 214.69451904296875]
  Part bbox: [280.2022399902344, 130.35304260253906, 605.9306030273438, 237.55828857421875]
  Intersection area: 1459.2
  Part area: 34919.8
  Overlap ratio: 0.042
    ✓ DAMAGE FOUND: Dent (4.2% overlap)

Checking part: Rocker-panel
  Checking against damage 1: Broken part
    ✗ No significant overlap (0.0%)
  Checking against damage 2: Broken part
    ✗ No significant overlap (0.0%)
  Checking against damage 3: Missing part
    ✗ No significant overlap (0.0%)
  Checking against damage 4: Dent
    ✗ No significant overlap (0.0%)

Checking part: Back-door
  Checking against damage 1: Broken part
    ✗ No significant overlap (0.0%)
  Checking against damage 2: Broken part
    ✗ No significant overlap (0.0%)
  Checking against damage 3: Missing part
    ✗ No significant overlap (0.0%)
  Checking against damage 4: Dent
    ✗ No significant overlap (0.0%)

Checking part: Fender
  Checking against damage 1: Broken part
  Damage bbox: [277.9452209472656, 160.2622528076172, 548.9639892578125, 248.75460815429688]
  Part bbox: [226.84146118164062, 154.26182556152344, 363.31182861328125, 288.4884338378906]
  Intersection area: 7554.3
  Part area: 18318.0
  Overlap ratio: 0.412
    ✓ DAMAGE FOUND: Broken part (41.2% overlap)
  Checking against damage 2: Broken part
  Damage bbox: [305.2075500488281, 234.95138549804688, 597.0938110351562, 381.8048095703125]
  Part bbox: [226.84146118164062, 154.26182556152344, 363.31182861328125, 288.4884338378906]
  Intersection area: 3110.7
  Part area: 18318.0
  Overlap ratio: 0.170
    ✓ DAMAGE FOUND: Broken part (17.0% overlap)
  Checking against damage 3: Missing part
    ✗ No significant overlap (0.0%)
  Checking against damage 4: Dent
    ✗ No significant overlap (0.0%)

Checking part: Windshield
  Checking against damage 1: Broken part
    ✗ No significant overlap (0.0%)
  Checking against damage 2: Broken part
    ✗ No significant overlap (0.0%)
  Checking against damage 3: Missing part
    ✗ No significant overlap (0.0%)
  Checking against damage 4: Dent
    ✗ No significant overlap (0.0%)

Checking part: Front-wheel
  Checking against damage 1: Broken part
  Damage bbox: [277.9452209472656, 160.2622528076172, 548.9639892578125, 248.75460815429688]
  Part bbox: [239.9768829345703, 246.42532348632812, 327.1253356933594, 379.7440490722656]
  Intersection area: 114.6
  Part area: 11618.5
  Overlap ratio: 0.010
    ✗ No significant overlap (1.0%)
  Checking against damage 2: Broken part
  Damage bbox: [305.2075500488281, 234.95138549804688, 597.0938110351562, 381.8048095703125]
  Part bbox: [239.9768829345703, 246.42532348632812, 327.1253356933594, 379.7440490722656]
  Intersection area: 2922.1
  Part area: 11618.5
  Overlap ratio: 0.251
    ✓ DAMAGE FOUND: Broken part (25.1% overlap)
  Checking against damage 3: Missing part
    ✗ No significant overlap (0.0%)
  Checking against damage 4: Dent
    ✗ No significant overlap (0.0%)

Checking part: Front-window
  Checking against damage 1: Broken part
    ✗ No significant overlap (0.0%)
  Checking against damage 2: Broken part
    ✗ No significant overlap (0.0%)
  Checking against damage 3: Missing part
    ✗ No significant overlap (0.0%)
  Checking against damage 4: Dent
    ✗ No significant overlap (0.0%)

Checking part: Roof
  Checking against damage 1: Broken part
    ✗ No significant overlap (0.0%)
  Checking against damage 2: Broken part
    ✗ No significant overlap (0.0%)
  Checking against damage 3: Missing part
    ✗ No significant overlap (0.0%)
  Checking against damage 4: Dent
    ✗ No significant overlap (0.0%)

Checking part: Front-door
  Checking against damage 1: Broken part
    ✗ No significant overlap (0.0%)
  Checking against damage 2: Broken part
    ✗ No significant overlap (0.0%)
  Checking against damage 3: Missing part
    ✗ No significant overlap (0.0%)
  Checking against damage 4: Dent
    ✗ No significant overlap (0.0%)

Checking part: License-plate
  Checking against damage 1: Broken part
    ✗ No significant overlap (0.0%)
  Checking against damage 2: Broken part
  Damage bbox: [305.2075500488281, 234.95138549804688, 597.0938110351562, 381.8048095703125]
  Part bbox: [541.45849609375, 295.2086181640625, 590.9425048828125, 329.8935241699219]
  Intersection area: 1716.3
  Part area: 1716.3
  Overlap ratio: 1.000
    ✓ DAMAGE FOUND: Broken part (100.0% overlap)
  Checking against damage 3: Missing part
  Damage bbox: [543.3302001953125, 291.8728942871094, 589.5342407226562, 335.99481201171875]
  Part bbox: [541.45849609375, 295.2086181640625, 590.9425048828125, 329.8935241699219]
  Intersection area: 1602.6
  Part area: 1716.3
  Overlap ratio: 0.934
    ✓ DAMAGE FOUND: Missing part (93.4% overlap)
  Checking against damage 4: Dent
    ✗ No significant overlap (0.0%)

Checking part: Back-window
  Checking against damage 1: Broken part
    ✗ No significant overlap (0.0%)
  Checking against damage 2: Broken part
    ✗ No significant overlap (0.0%)
  Checking against damage 3: Missing part
    ✗ No significant overlap (0.0%)
  Checking against damage 4: Dent
    ✗ No significant overlap (0.0%)

Checking part: Back-wheel
  Checking against damage 1: Broken part
    ✗ No significant overlap (0.0%)
  Checking against damage 2: Broken part
    ✗ No significant overlap (0.0%)
  Checking against damage 3: Missing part
    ✗ No significant overlap (0.0%)
  Checking against damage 4: Dent
    ✗ No significant overlap (0.0%)

Checking part: Back-door
  Checking against damage 1: Broken part
    ✗ No significant overlap (0.0%)
  Checking against damage 2: Broken part
    ✗ No significant overlap (0.0%)
  Checking against damage 3: Missing part
    ✗ No significant overlap (0.0%)
  Checking against damage 4: Dent
    ✗ No significant overlap (0.0%)

Checking part: Back-window
  Checking against damage 1: Broken part
    ✗ No significant overlap (0.0%)
  Checking against damage 2: Broken part
    ✗ No significant overlap (0.0%)
  Checking against damage 3: Missing part
    ✗ No significant overlap (0.0%)
  Checking against damage 4: Dent
    ✗ No significant overlap (0.0%)

Checking part: Front-wheel
  Checking against damage 1: Broken part
    ✗ No significant overlap (0.0%)
  Checking against damage 2: Broken part
    ✗ No significant overlap (0.0%)
  Checking against damage 3: Missing part
    ✗ No significant overlap (0.0%)
  Checking against damage 4: Dent
    ✗ No significant overlap (0.0%)

Checking part: Front-window
  Checking against damage 1: Broken part
    ✗ No significant overlap (0.0%)
  Checking against damage 2: Broken part
    ✗ No significant overlap (0.0%)
  Checking against damage 3: Missing part
    ✗ No significant overlap (0.0%)
  Checking against damage 4: Dent
    ✗ No significant overlap (0.0%)

Checking part: Back-wheel
  Checking against damage 1: Broken part
    ✗ No significant overlap (0.0%)
  Checking against damage 2: Broken part
  Damage bbox: [305.2075500488281, 234.95138549804688, 597.0938110351562, 381.8048095703125]
  Part bbox: [241.14927673339844, 251.05047607421875, 332.4781188964844, 381.576416015625]
  Intersection area: 3559.5
  Part area: 11920.8
  Overlap ratio: 0.299
    ✓ DAMAGE FOUND: Broken part (29.9% overlap)
  Checking against damage 3: Missing part
    ✗ No significant overlap (0.0%)
  Checking against damage 4: Dent
    ✗ No significant overlap (0.0%)
Visualization saved to: fraud_detection_data/John_Doe_20251012_003838/images/image_1_damage_analysis.jpg
Analyzing 22 parts against 3 damage detections...

Checking part: Tail-light
  Checking against damage 1: Dent
    ✗ No significant overlap (0.0%)
  Checking against damage 2: Broken part
  Damage bbox: [448.899658203125, 208.7864532470703, 797.3654174804688, 458.726806640625]
  Part bbox: [770.3356323242188, 159.39393615722656, 801.5396118164062, 223.751708984375]
  Intersection area: 404.5
  Part area: 2008.2
  Overlap ratio: 0.201
    ✓ DAMAGE FOUND: Broken part (20.1% overlap)
  Checking against damage 3: Dent
    ✗ No significant overlap (0.0%)

Checking part: Mirror
  Checking against damage 1: Dent
    ✗ No significant overlap (0.0%)
  Checking against damage 2: Broken part
    ✗ No significant overlap (0.0%)
  Checking against damage 3: Dent
  Damage bbox: [68.44454956054688, 129.7201385498047, 113.98771667480469, 175.4041748046875]
  Part bbox: [108.72904968261719, 112.62959289550781, 143.9605255126953, 145.05406188964844]
  Intersection area: 80.6
  Part area: 1142.4
  Overlap ratio: 0.071
    ✓ DAMAGE FOUND: Dent (7.1% overlap)

Checking part: License-plate
  Checking against damage 1: Dent
    ✗ No significant overlap (0.0%)
  Checking against damage 2: Broken part
  Damage bbox: [448.899658203125, 208.7864532470703, 797.3654174804688, 458.726806640625]
  Part bbox: [678.0108642578125, 315.20965576171875, 775.1983032226562, 368.4635925292969]
  Intersection area: 5175.6
  Part area: 5175.6
  Overlap ratio: 1.000
    ✓ DAMAGE FOUND: Broken part (100.0% overlap)
  Checking against damage 3: Dent
    ✗ No significant overlap (0.0%)

Checking part: Rocker-panel
  Checking against damage 1: Dent
    ✗ No significant overlap (0.0%)
  Checking against damage 2: Broken part
    ✗ No significant overlap (0.0%)
  Checking against damage 3: Dent
    ✗ No significant overlap (0.0%)

Checking part: Fender
  Checking against damage 1: Dent
    ✗ No significant overlap (0.0%)
  Checking against damage 2: Broken part
    ✗ No significant overlap (0.0%)
  Checking against damage 3: Dent
  Damage bbox: [68.44454956054688, 129.7201385498047, 113.98771667480469, 175.4041748046875]
  Part bbox: [64.49378967285156, 135.576171875, 127.21229553222656, 254.0643310546875]
  Intersection area: 1813.9
  Part area: 7431.4